// Jest Snapshot v1, https://goo.gl/fbAQLP

exports[`List should render correctly 1`] = `ShallowWrapper {}`;

exports[`TaskInput should set in state 1`] = `ShallowWrapper {}`;
